<html>
<body>
<pre>
<h1>礦ision Build Log</h1>
<h2>Tool Versions:</h2>
IDE-Version: μVision V5.33.0.0
Copyright (C) 2020 ARM Ltd and ARM Germany GmbH. All rights reserved.
License Information: 1 1, 1, LIC=2TTQ1-CIYGG-8YEVV-P6WGA-IHFED-CV8KF
 
Tool Versions:
Toolchain:       MDK-ARM Professional  Version: 5.33.0.0
Toolchain Path:  D:\intall\Keil5.33\core\ARM\ARMCC\Bin
C Compiler:      Armcc.exe V5.06 update 7 (build 960)
Assembler:       Armasm.exe V5.06 update 7 (build 960)
Linker/Locator:  ArmLink.exe V5.06 update 7 (build 960)
Library Manager: ArmAr.exe V5.06 update 7 (build 960)
Hex Converter:   FromElf.exe V5.06 update 7 (build 960)
CPU DLL:         SARMCM3.DLL V5.33.0.0
Dialog DLL:      DCM.DLL V1.17.3.0
Target DLL:      STLink\ST-LINKIII-KEIL_SWO.dll V3.0.8.0
Dialog DLL:      TCM.DLL V1.48.0.0
 
<h2>Project:</h2>
C:\Users\ASUS\xwechat_files\wxid_kd3uah0lezd722_eb97\msg\file\2025-12\Chassis_STM32C8T6_Newest\Chassis_STM32C8T6_Newest\Project.uvprojx
Project File Date:  05/20/2025

<h2>Output:</h2>
*** Using Compiler 'V5.06 update 7 (build 960)', folder: 'D:\intall\Keil5.33\core\ARM\ARMCC\Bin'
Rebuild target 'Target 1'
compiling core_cm3.c...
assembling startup_stm32f10x_md.s...
compiling stm32f10x_dma.c...
compiling stm32f10x_bkp.c...
compiling stm32f10x_cec.c...
compiling stm32f10x_dac.c...
compiling stm32f10x_can.c...
compiling stm32f10x_dbgmcu.c...
compiling misc.c...
compiling system_stm32f10x.c...
compiling stm32f10x_crc.c...
compiling stm32f10x_flash.c...
compiling stm32f10x_exti.c...
compiling stm32f10x_adc.c...
compiling stm32f10x_fsmc.c...
compiling stm32f10x_gpio.c...
compiling stm32f10x_i2c.c...
compiling stm32f10x_iwdg.c...
compiling stm32f10x_pwr.c...
compiling stm32f10x_rcc.c...
compiling stm32f10x_rtc.c...
compiling stm32f10x_sdio.c...
compiling stm32f10x_spi.c...
compiling stm32f10x_wwdg.c...
compiling stm32f10x_usart.c...
compiling Delay.c...
System\Delay.c(5): warning:  #550-D: variable "fac_ms"  was set but never used
  static u16 fac_ms=0;//ms寤舵椂鍊嶄箻鏁?
System\Delay.c: 1 warning, 0 errors
compiling stm32f10x_tim.c...
compiling Timer.c...
compiling usart.c...
compiling sys.c...
compiling LED.c...
compiling Key.c...
compiling PWM.c...
compiling OLED.c...
compiling Motor.c...
Hardware\Motor.h(18): warning:  #1295-D: Deprecated declaration Turn_Right - give arg types
  void Turn_Right();
Hardware\Motor.h(19): warning:  #1295-D: Deprecated declaration Turn_Left - give arg types
  void Turn_Left();
Hardware\Motor.h(20): warning:  #1295-D: Deprecated declaration Brake - give arg types
  void Brake();
Hardware\Motor.h(21): warning:  #1295-D: Deprecated declaration Go_Straight - give arg types
  void Go_Straight();
Hardware\Motor.h(22): warning:  #1295-D: Deprecated declaration Go_back - give arg types
  void Go_back();
Hardware\Motor.h(23): warning:  #1295-D: Deprecated declaration Turn_back - give arg types
  void Turn_back();
Hardware\Motor.h(24): warning:  #1295-D: Deprecated declaration Motor_Fan_Open - give arg types
  void Motor_Fan_Open();
Hardware\Motor.h(25): warning:  #1295-D: Deprecated declaration Motor_Fan_Close - give arg types
  void Motor_Fan_Close();
Hardware\Motor.c: 8 warnings, 0 errors
compiling Servo.c...
compiling Ultrasound.c...
compiling dht11.c...
compiling Car.c...
hardware\Motor.h(18): warning:  #1295-D: Deprecated declaration Turn_Right - give arg types
  void Turn_Right();
hardware\Motor.h(19): warning:  #1295-D: Deprecated declaration Turn_Left - give arg types
  void Turn_Left();
hardware\Motor.h(20): warning:  #1295-D: Deprecated declaration Brake - give arg types
  void Brake();
hardware\Motor.h(21): warning:  #1295-D: Deprecated declaration Go_Straight - give arg types
  void Go_Straight();
hardware\Motor.h(22): warning:  #1295-D: Deprecated declaration Go_back - give arg types
  void Go_back();
hardware\Motor.h(23): warning:  #1295-D: Deprecated declaration Turn_back - give arg types
  void Turn_back();
hardware\Motor.h(24): warning:  #1295-D: Deprecated declaration Motor_Fan_Open - give arg types
  void Motor_Fan_Open();
hardware\Motor.h(25): warning:  #1295-D: Deprecated declaration Motor_Fan_Close - give arg types
  void Motor_Fan_Close();
hardware\Ultrasound.h(3): warning:  #1295-D: Deprecated declaration Ultrasound_Init - give arg types
  void Ultrasound_Init();
hardware\Ultrasound.h(4): warning:  #1295-D: Deprecated declaration Test_Distance - give arg types
  float Test_Distance();
hardware\Car.c(52): warning:  #1293-D: assignment in condition
  	while(Distance = Test_Distance() <20)//超声波检测前方距离小于安全距离 开始避障 只有当前距离小于安全距离才退出while 继续前进
hardware\Car.c: 11 warnings, 0 errors
compiling mq2.c...
compiling adcx.c...
compiling Humidifier.c...
Hardware\Humidifier.h(4): warning:  #1295-D: Deprecated declaration Humidifier_Init - give arg types
  	void Humidifier_Init();
Hardware\Humidifier.h(5): warning:  #1295-D: Deprecated declaration Humidifier_Open - give arg types
  	void Humidifier_Open();
Hardware\Humidifier.h(6): warning:  #1295-D: Deprecated declaration Humidifier_Close - give arg types
  	void Humidifier_Close();
Hardware\Humidifier.h(9): warning:  #1-D: last line of file ends without a newline
  #endif
Hardware\Humidifier.c(26): warning:  #1-D: last line of file ends without a newline
  	}
Hardware\Humidifier.c: 5 warnings, 0 errors
compiling stm32f10x_it.c...
compiling main.c...
.\Hardware\Motor.h(18): warning:  #1295-D: Deprecated declaration Turn_Right - give arg types
  void Turn_Right();
.\Hardware\Motor.h(19): warning:  #1295-D: Deprecated declaration Turn_Left - give arg types
  void Turn_Left();
.\Hardware\Motor.h(20): warning:  #1295-D: Deprecated declaration Brake - give arg types
  void Brake();
.\Hardware\Motor.h(21): warning:  #1295-D: Deprecated declaration Go_Straight - give arg types
  void Go_Straight();
.\Hardware\Motor.h(22): warning:  #1295-D: Deprecated declaration Go_back - give arg types
  void Go_back();
.\Hardware\Motor.h(23): warning:  #1295-D: Deprecated declaration Turn_back - give arg types
  void Turn_back();
.\Hardware\Motor.h(24): warning:  #1295-D: Deprecated declaration Motor_Fan_Open - give arg types
  void Motor_Fan_Open();
.\Hardware\Motor.h(25): warning:  #1295-D: Deprecated declaration Motor_Fan_Close - give arg types
  void Motor_Fan_Close();
.\Hardware\Ultrasound.h(3): warning:  #1295-D: Deprecated declaration Ultrasound_Init - give arg types
  void Ultrasound_Init();
.\Hardware\Ultrasound.h(4): warning:  #1295-D: Deprecated declaration Test_Distance - give arg types
  float Test_Distance();
.\Hardware\car.h(4): warning:  #1295-D: Deprecated declaration Car_Detect_Turn - give arg types
  void Car_Detect_Turn();
.\Hardware\car.h(6): warning:  #1295-D: Deprecated declaration buzzer_close - give arg types
  void buzzer_close();
.\Hardware\car.h(7): warning:  #1295-D: Deprecated declaration buzzer_open - give arg types
  void buzzer_open();
.\Hardware\car.h(9): warning:  #1-D: last line of file ends without a newline
  #endif
.\Hardware\Humidifier.h(4): warning:  #1295-D: Deprecated declaration Humidifier_Init - give arg types
  	void Humidifier_Init();
.\Hardware\Humidifier.h(5): warning:  #1295-D: Deprecated declaration Humidifier_Open - give arg types
  	void Humidifier_Open();
.\Hardware\Humidifier.h(6): warning:  #1295-D: Deprecated declaration Humidifier_Close - give arg types
  	void Humidifier_Close();
.\Hardware\Humidifier.h(9): warning:  #1-D: last line of file ends without a newline
  #endif
User\main.c: 18 warnings, 0 errors
compiling esp8266.c...
compiling onenet.c...
compiling MqttKit.c...
linking...
Program Size: Code=20794 RO-data=2502 RW-data=52 ZI-data=1764  
".\Objects\Project.axf" - 0 Error(s), 43 Warning(s).

<h2>Software Packages used:</h2>

Package Vendor: Keil
                https://www.keil.com/pack/Keil.STM32F1xx_DFP.2.4.1.pack
                Keil.STM32F1xx_DFP.2.4.1
                STMicroelectronics STM32F1 Series Device Support, Drivers and Examples

<h2>Collection of Component include folders:</h2>
  D:\intall\Keil5.33\pack\Keil\STM32F1xx_DFP\2.4.1\Device\Include

<h2>Collection of Component Files used:</h2>
Build Time Elapsed:  00:00:02
</pre>
</body>
</html>
